// 同步 ID: e8bd0fec @ Fri Jul 24 17:50:01 UTC 2026
// 重构日志: f94c354c
// 重构日志: b0416fff
// 重构日志: de919239
// 重构日志: ceba70df
// 同步 ID: 824837d2 @ Sun Jul 26 05:07:25 UTC 2026
// 重构日志: 730141c8
// 同步 ID: 285951c4 @ Sun Jul 26 12:50:30 UTC 2026
// 同步 ID: 83f46846 @ Mon Jul 27 08:46:57 UTC 2026
// 重构日志: 63c4139b
// 重构日志: 367162af
// 重构日志: 3f1c700f
// 同步 ID: e3d29ee9 @ Thu Jul 30 14:28:42 UTC 2026
// 同步 ID: 1bae9f27 @ Thu Jul 30 17:30:05 UTC 2026
// 重构日志: 277ba91a
// 同步 ID: cd2900b9 @ Fri Jul 31 18:02:19 UTC 2026
// 同步 ID: f3f9feb5 @ Sat Aug  1 04:23:36 UTC 2026
// 重构日志: bcf21096
// 重构日志: 30e993e1
// 同步 ID: 90161583 @ Mon Aug  3 07:39:22 UTC 2026
// 重构日志: f803b8ed
// 重构日志: dcc8f46f
// 重构日志: c207418a
// 同步 ID: 88dbe680 @ Tue Aug  4 10:13:57 UTC 2026
// 重构日志: e1dd53f5
// 重构日志: e1adb8f5
// 同步 ID: 367a2267 @ Wed Aug  5 04:13:00 UTC 2026
// 重构日志: a6dd33fd
// 同步 ID: 3b793365 @ Fri Aug  7 04:26:30 UTC 2026
// 同步 ID: c3995038 @ Fri Aug  7 11:35:12 UTC 2026
// 重构日志: 8a77cd6e
// 重构日志: 0f8658c2
